I'm sorry, but errors were detected in your script. Please correct the
errors listed below, and try again.


File "game/screens.rpy", line 1368: hbox expects a non-empty block.
    hbox:
         ^

Ren'Py Version: Ren'Py 6.99.12.4.2187
